// Jest Snapshot v1, https://goo.gl/fbAQLP

exports[`Promise Chunkify should run promises with concurrency 1`] = `
Array [
  1,
  2,
  3,
]
`;
